uv : DEBUG uv 0.10.6 
(a91bcf268 2026-02-24)
At line:1 char:1
+ uv pip install -e . -v 
--no-progress > 
build_output.txt 2>&1
+ ~~~~~~~~~~~~~~~~~~~~~~~~~~~
~~~~~~~~~~~~~~~~~~~~~~~~~~~~~
~~~~
    + CategoryInfo           
   : NotSpecified: (DEBUG u  
  v 0.10.6 (a91bcf268 2026   
 -02-24):String) [], Remo    
teException
    + FullyQualifiedErrorId  
   : NativeCommandError
 
DEBUG Marking explicit 
source tree for reinstall: 
`D:\projects\gpu-cookbooks`
DEBUG Searching for default 
Python interpreter in 
virtual environments
DEBUG Found `cpython-3.13.12-
windows-x86_64-none` at `D:\p
rojects\gpu-cookbooks\.venv\S
cripts\python.exe` (virtual 
environment)
DEBUG Using Python 3.13.12 
environment at: .venv
DEBUG Using request connect 
timeout of 10s and read 
timeout of 30s
DEBUG Found PEP 621 metadata 
for 
D:\projects\gpu-cookbooks in 
`pyproject.toml` 
(gpu-cookbooks)
DEBUG Found static 
`pyproject.toml` for: 
gpu-cookbooks @ file:///D:/pr
ojects/gpu-cookbooks
DEBUG No workspace root 
found, using project root
DEBUG Solving with installed 
Python version: 3.13.12
DEBUG Solving with target 
Python version: >=3.13.12
DEBUG Adding direct 
dependency: gpu-cookbooks*
DEBUG Searching for a 
compatible version of 
gpu-cookbooks @ file:///D:/pr
ojects/gpu-cookbooks (*)
DEBUG Adding transitive 
dependency for 
gpu-cookbooks==0.1.0: 
psutil>=7.2.2
DEBUG Adding transitive 
dependency for 
gpu-cookbooks==0.1.0: 
requests>=2.32.5
DEBUG Adding transitive 
dependency for 
gpu-cookbooks==0.1.0: 
setuptools>=82.0.1
DEBUG Found fresh response 
for: https://pypi.org/simple/
requests/
DEBUG Found fresh response 
for: https://pypi.org/simple/
psutil/
DEBUG Found fresh response 
for: https://pypi.org/simple/
setuptools/
DEBUG Searching for a 
compatible version of psutil 
(>=7.2.2)
DEBUG Selecting: 
psutil==7.2.2 [installed] 
(installed)
DEBUG Searching for a 
compatible version of 
requests (>=2.32.5)
DEBUG Selecting: 
requests==2.32.5 [installed] 
(installed)
DEBUG Adding transitive 
dependency for 
requests==2.32.5: 
charset-normalizer>=2, <4
DEBUG Adding transitive 
dependency for 
requests==2.32.5: idna>=2.5, 
<4
DEBUG Adding transitive 
dependency for 
requests==2.32.5: 
urllib3>=1.21.1, <3
DEBUG Adding transitive 
dependency for 
requests==2.32.5: 
certifi>=2017.4.17
DEBUG Searching for a 
compatible version of 
setuptools (>=82.0.1)
DEBUG Selecting: 
setuptools==82.0.1 
[installed] (installed)
DEBUG Found fresh response 
for: 
https://pypi.org/simple/idna/
DEBUG Found fresh response 
for: https://pypi.org/simple/
certifi/
DEBUG Found fresh response 
for: https://pypi.org/simple/
urllib3/
DEBUG Found fresh response 
for: https://pypi.org/simple/
charset-normalizer/
DEBUG Searching for a 
compatible version of 
charset-normalizer (>=2, <4)
DEBUG Selecting: 
charset-normalizer==3.4.5 
[installed] (installed)
DEBUG Searching for a 
compatible version of idna 
(>=2.5, <4)
DEBUG Selecting: idna==3.11 
[installed] (installed)
DEBUG Searching for a 
compatible version of 
urllib3 (>=1.21.1, <3)
DEBUG Selecting: 
urllib3==2.6.3 [installed] 
(installed)
DEBUG Searching for a 
compatible version of 
certifi (>=2017.4.17)
DEBUG Selecting: 
certifi==2026.2.25 
[installed] (installed)
DEBUG Tried 8 versions: 
certifi 1, 
charset-normalizer 1, 
gpu-cookbooks 1, idna 1, 
psutil 1, requests 1, 
setuptools 1, urllib3 1
DEBUG marker environment 
resolution took 0.006s
Resolved 8 packages in 8ms
DEBUG Requirement already 
installed: idna==3.11
DEBUG Requirement already 
installed: psutil==7.2.2
DEBUG Requirement already 
installed: certifi==2026.2.25
DEBUG Requirement already 
installed: urllib3==2.6.3
DEBUG Requirement already 
installed: requests==2.32.5
DEBUG Must revalidate 
requirement: gpu-cookbooks
DEBUG Requirement already 
installed: 
charset-normalizer==3.4.5
DEBUG Requirement already 
installed: setuptools==82.0.1
DEBUG Preserving seed 
package: pip==26.0.1
DEBUG Computed cache info: 
Timestamp(SystemTime { 
intervals: 
134176958149579190 }), None, 
None, {}, {"src": None}. 
Most recently modified: 
pyproject.toml
   Building gpu-cookbooks @ f
ile:///D:/projects/gpu-cookbo
oks
DEBUG Building: 
gpu-cookbooks @ file:///D:/pr
ojects/gpu-cookbooks
DEBUG Not using uv build 
backend direct build for 
source tree `gpu-cookbooks @ 
file:///D:/projects/gpu-cookb
ooks`, failed to parse 
pyproject.toml: TOML parse 
error at line 1, column 1
  |
1 | [project]
  | ^
missing field `build-system`

DEBUG Reusing existing build 
environment for: 
gpu-cookbooks @ file:///D:/pr
ojects/gpu-cookbooks
DEBUG Using base executable 
for virtual environment: 
D:\tools\python\13\python.exe
DEBUG Resolving build 
requirements
DEBUG Solving with installed 
Python version: 3.13.12
DEBUG Solving with target 
Python version: >=3.13.12
DEBUG Adding direct 
dependency: 
setuptools>=40.8.0
DEBUG Searching for a 
compatible version of 
setuptools (>=40.8.0)
DEBUG Selecting: 
setuptools==82.0.1 
[compatible] (setuptools-82.0
.1-py3-none-any.whl)
DEBUG Tried 1 versions: 
setuptools 1
DEBUG marker environment 
resolution took 0.000s
DEBUG Installing in 
setuptools==82.0.1 in C:\User
s\mv143\AppData\Local\uv\cach
e\builds-v0\.tmpMs479b
DEBUG Registry requirement 
already cached: 
setuptools==82.0.1
DEBUG Installing build 
requirement: 
setuptools==82.0.1
DEBUG Creating PEP 517 build 
environment
DEBUG Calling `setuptools.bui
ld_meta:__legacy__.get_requir
es_for_build_editable()`
DEBUG Traceback (most recent 
call last):
DEBUG   File "<string>", 
line 14, in <module>
DEBUG     requires = 
get_requires_for_build({})
DEBUG   File "C:\Users\mv143\
AppData\Local\uv\cache\builds
-v0\.tmpMs479b\Lib\site-packa
ges\setuptools\build_meta.py"
, line 481, in get_requires_f
or_build_editable
DEBUG     return self.get_req
uires_for_build_wheel(config_
settings)
DEBUG            ~~~~~~~~~~~~
~~~~~~~~~~~~~~~~~~~~~^^^^^^^^
^^^^^^^^^
DEBUG   File "C:\Users\mv143\
AppData\Local\uv\cache\builds
-v0\.tmpMs479b\Lib\site-packa
ges\setuptools\build_meta.py"
, line 333, in 
get_requires_for_build_wheel
DEBUG     return self._get_bu
ild_requires(config_settings,
 requirements=[])
DEBUG            ~~~~~~~~~~~~
~~~~~~~~~~~~^^^^^^^^^^^^^^^^^
^^^^^^^^^^^^^^^^^
DEBUG   File "C:\Users\mv143\
AppData\Local\uv\cache\builds
-v0\.tmpMs479b\Lib\site-packa
ges\setuptools\build_meta.py"
, line 301, in 
_get_build_requires
DEBUG     self.run_setup()
DEBUG     ~~~~~~~~~~~~~~^^
DEBUG   File "C:\Users\mv143\
AppData\Local\uv\cache\builds
-v0\.tmpMs479b\Lib\site-packa
ges\setuptools\build_meta.py"
, line 520, in run_setup
DEBUG     super().run_setup(s
etup_script=setup_script)
DEBUG     ~~~~~~~~~~~~~~~~~^^
^^^^^^^^^^^^^^^^^^^^^^^^^
DEBUG   File "C:\Users\mv143\
AppData\Local\uv\cache\builds
-v0\.tmpMs479b\Lib\site-packa
ges\setuptools\build_meta.py"
, line 317, in run_setup
DEBUG     exec(code, 
locals())
DEBUG     
~~~~^^^^^^^^^^^^^^^^
DEBUG   File "<string>", 
line 6, in <module>
DEBUG     sys.path = [] + 
sys.path
DEBUG          
^^^^^^^^^^^^^^^^^^^
DEBUG FileNotFoundError: 
[Errno 2] No such file or 
directory: 'requirements.txt'
  ├ù Failed to build 
`gpu-cookbooks @ file:///D:/p
rojects/gpu-cookbooks`
  Γö£ΓöÇΓû╢ The build 
backend returned an error
  Γò░ΓöÇΓû╢ Call to `setuptoo
ls.build_meta:__legacy__.buil
d_editable` failed (exit
      code: 1)

      [stderr]
      Traceback (most recent 
call last):
        File "<string>", 
line 14, in <module>
          requires = 
get_requires_for_build({})
        File
      "C:\Users\mv143\AppData
\Local\uv\cache\builds-v0\.tm
pMs479b\Lib\site-packages\set
uptools\build_meta.py",
      line 481, in get_requir
es_for_build_editable
          return self.get_req
uires_for_build_wheel(config_
settings)
                 ~~~~~~~~~~~~
~~~~~~~~~~~~~~~~~~~~~^^^^^^^^
^^^^^^^^^
        File
      "C:\Users\mv143\AppData
\Local\uv\cache\builds-v0\.tm
pMs479b\Lib\site-packages\set
uptools\build_meta.py",
      line 333, in 
get_requires_for_build_wheel
          return self._get_bu
ild_requires(config_settings,
 requirements=[])
                 ~~~~~~~~~~~~
~~~~~~~~~~~~^^^^^^^^^^^^^^^^^
^^^^^^^^^^^^^^^^^
        File
      "C:\Users\mv143\AppData
\Local\uv\cache\builds-v0\.tm
pMs479b\Lib\site-packages\set
uptools\build_meta.py",
      line 301, in 
_get_build_requires
          self.run_setup()
          ~~~~~~~~~~~~~~^^
        File
      "C:\Users\mv143\AppData
\Local\uv\cache\builds-v0\.tm
pMs479b\Lib\site-packages\set
uptools\build_meta.py",
      line 520, in run_setup
          super().run_setup(s
etup_script=setup_script)
          ~~~~~~~~~~~~~~~~~^^
^^^^^^^^^^^^^^^^^^^^^^^^^
        File
      "C:\Users\mv143\AppData
\Local\uv\cache\builds-v0\.tm
pMs479b\Lib\site-packages\set
uptools\build_meta.py",
      line 317, in run_setup
          exec(code, 
locals())
          
~~~~^^^^^^^^^^^^^^^^
        File "<string>", 
line 6, in <module>
          sys.path = [] + 
sys.path
               
^^^^^^^^^^^^^^^^^^^
      FileNotFoundError: 
[Errno 2] No such file or 
directory:
      'requirements.txt'

      hint: This usually 
indicates a problem with the 
package or the build
      environment.
